2026-08-31 15:59:05,313 - INFO - === Etapa: pré-processamento de acidentes (PRF) ===
2026-08-31 15:59:05,313 - INFO - Carregando 5 arquivos...
2026-08-31 15:59:05,313 - INFO - Lendo dados/datatran2022.csv...
2026-08-31 15:59:05,675 - INFO -   -> 64606 registros, 30 colunas em dados/datatran2022.csv
2026-08-31 15:59:05,675 - INFO - Lendo dados/datatran2023.csv...
2026-08-31 15:59:06,309 - INFO -   -> 67766 registros, 30 colunas em dados/datatran2023.csv
2026-08-31 15:59:06,309 - INFO - Lendo dados/datatran2024.csv...
2026-08-31 15:59:06,791 - INFO -   -> 73156 registros, 30 colunas em dados/datatran2024.csv
2026-08-31 15:59:06,794 - INFO - Lendo dados/datatran2025.csv...
2026-08-31 15:59:07,227 - INFO -   -> 72529 registros, 30 colunas em dados/datatran2025.csv
2026-08-31 15:59:07,227 - INFO - Lendo dados/datatran2026.csv...
2026-08-31 15:59:07,415 - INFO -   -> 33694 registros, 30 colunas em dados/datatran2026.csv
2026-08-31 15:59:07,481 - INFO - Carregados 311751 registros no total.
2026-08-31 15:59:07,483 - INFO - Limpando o dataframe...
2026-08-31 15:59:08,361 - INFO - Removidas 0 duplicatas por id. Restantes: 311751
2026-08-31 15:59:08,749 - INFO - 16817 registros (5.39%) com 'pessoas' diferente da soma de mortos+feridos_leves+feridos_graves+ilesos+ignorados (inconsistência de origem na base da PRF; não corrigida — ver documento técnico).
2026-08-31 15:59:08,800 - INFO - Diagnóstico de outliers (IQR) calculado para: ['km', 'pessoas', 'mortos', 'feridos_leves', 'feridos_graves', 'veiculos']
2026-08-31 15:59:08,801 - INFO - Salvando em dados/curated/acidentes_2022_2026.parquet...
2026-08-31 15:59:09,245 - INFO - Salvamento concluído.
2026-08-31 15:59:09,247 - INFO - Relatório de execução do pré-processamento salvo em reports/data_quality/preprocess_report.json
2026-08-31 15:59:13,611 - INFO - === Etapa: pré-processamento de feriados nacionais (ANBIMA) ===
2026-08-31 15:59:13,611 - INFO - Carregando dados/feriados_nacionais.xls...
2026-08-31 15:59:13,640 - INFO -   -> 1273 linhas, 3 colunas (inclui rodapé de notas).
2026-08-31 15:59:13,640 - INFO - Limpando o dataframe de feriados...
2026-08-31 15:59:13,651 - INFO - Salvando em dados/curated/feriados_nacionais.parquet...
2026-08-31 15:59:13,653 - INFO - Salvamento concluído.
2026-08-31 15:59:13,653 - INFO - Relatório de execução do pré-processamento salvo em reports/data_quality/preprocess_feriados_report.json
